2025-04-22 17:29:08,030 - INFO - Connecting to 127.0.0.1:7496 with clientId 1...
2025-04-22 17:29:08,031 - INFO - Connected
2025-04-22 17:29:08,033 - INFO - Logged on to server version 178
2025-04-22 17:29:08,081 - INFO - Warning 2104, reqId -1: Market data farm connection is OK:usfarm.nj
2025-04-22 17:29:08,082 - INFO - Warning 2104, reqId -1: Market data farm connection is OK:eufarm
2025-04-22 17:29:08,082 - INFO - Warning 2104, reqId -1: Market data farm connection is OK:cashfarm
2025-04-22 17:29:08,082 - INFO - Warning 2104, reqId -1: Market data farm connection is OK:usopt
2025-04-22 17:29:08,082 - INFO - Warning 2104, reqId -1: Market data farm connection is OK:eufarmnj
2025-04-22 17:29:08,082 - INFO - Warning 2104, reqId -1: Market data farm connection is OK:usfarm
2025-04-22 17:29:08,082 - INFO - Warning 2106, reqId -1: HMDS data farm connection is OK:ushmds
2025-04-22 17:29:08,082 - INFO - Warning 2158, reqId -1: Sec-def data farm connection is OK:secdefnj
2025-04-22 17:29:08,082 - INFO - API connection ready
2025-04-22 17:29:08,084 - INFO - position: Position(account='DU5417029', contract=Stock(conId=5019164, symbol='WSM', exchange='NYSE', currency='USD', localSymbol='WSM', tradingClass='WSM'), position=100.0, avgCost=139.899736)
2025-04-22 17:29:08,125 - INFO - position: Position(account='DU5417029', contract=Option(conId=755327783, symbol='BIDU', lastTradeDateOrContractMonth='20250516', strike=95.0, right='P', multiplier='100', currency='USD', localSymbol='BIDU  250516P00095000', tradingClass='BIDU'), position=-2.0, avgCost=429.6986)
2025-04-22 17:29:08,126 - INFO - position: Position(account='DU5417029', contract=Option(conId=755327744, symbol='BIDU', lastTradeDateOrContractMonth='20250516', strike=90.0, right='P', multiplier='100', currency='USD', localSymbol='BIDU  250516P00090000', tradingClass='BIDU'), position=1.0, avgCost=283.6367)
2025-04-22 17:29:08,126 - INFO - position: Position(account='DU5417029', contract=Stock(conId=4728759, symbol='CTSH', exchange='ISLAND', currency='USD', localSymbol='CTSH', tradingClass='NMS'), position=200.0, avgCost=74.055621)
2025-04-22 17:29:08,391 - INFO - updatePortfolio: PortfolioItem(contract=Option(conId=755327744, symbol='BIDU', lastTradeDateOrContractMonth='20250516', strike=90.0, right='P', multiplier='100', primaryExchange='AMEX', currency='USD', localSymbol='BIDU  250516P00090000', tradingClass='BIDU'), position=1.0, marketPrice=7.30589535, marketValue=730.59, averageCost=283.6367, unrealizedPNL=446.95, realizedPNL=0.0, account='DU5417029')
2025-04-22 17:29:08,391 - INFO - updatePortfolio: PortfolioItem(contract=Option(conId=755327783, symbol='BIDU', lastTradeDateOrContractMonth='20250516', strike=95.0, right='P', multiplier='100', primaryExchange='AMEX', currency='USD', localSymbol='BIDU  250516P00095000', tradingClass='BIDU'), position=-2.0, marketPrice=11.3799448, marketValue=-2275.99, averageCost=429.6986, unrealizedPNL=-1416.59, realizedPNL=0.0, account='DU5417029')
2025-04-22 17:29:08,392 - INFO - updatePortfolio: PortfolioItem(contract=Stock(conId=4728759, symbol='CTSH', right='0', primaryExchange='ISLAND', currency='USD', localSymbol='CTSH', tradingClass='NMS'), position=200.0, marketPrice=69.04288485, marketValue=13808.58, averageCost=74.055621, unrealizedPNL=-1002.55, realizedPNL=0.0, account='DU5417029')
2025-04-22 17:29:08,392 - INFO - updatePortfolio: PortfolioItem(contract=Stock(conId=5019164, symbol='WSM', right='0', primaryExchange='NYSE', currency='USD', localSymbol='WSM', tradingClass='WSM'), position=100.0, marketPrice=141.53642275, marketValue=14153.64, averageCost=139.899736, unrealizedPNL=163.67, realizedPNL=0.0, account='DU5417029')
2025-04-22 17:29:08,490 - INFO - Synchronization complete
2025-04-22 17:29:08,491 - INFO - Successfully connected to TWS
2025-04-22 17:29:08,491 - ERROR - Connection error: 'IB' object has no attribute 'reqManagedAccountsAsync'
2025-04-22 17:29:08,511 - INFO - Disconnecting from 127.0.0.1:7496, 117 B sent in 8 messages, 11.8 kB received in 254 messages, session time 481 ms.
2025-04-22 17:29:08,511 - INFO - Disconnecting
