2025-04-22 17:25:01,702 - INFO - Connecting to 127.0.0.1:7496 with clientId 1...
2025-04-22 17:25:01,703 - INFO - Connected
2025-04-22 17:25:01,705 - INFO - Logged on to server version 178
2025-04-22 17:25:01,749 - INFO - Warning 2104, reqId -1: Market data farm connection is OK:usfarm.nj
2025-04-22 17:25:01,750 - INFO - Warning 2104, reqId -1: Market data farm connection is OK:eufarm
2025-04-22 17:25:01,750 - INFO - Warning 2104, reqId -1: Market data farm connection is OK:cashfarm
2025-04-22 17:25:01,750 - INFO - Warning 2104, reqId -1: Market data farm connection is OK:usopt
2025-04-22 17:25:01,750 - INFO - Warning 2104, reqId -1: Market data farm connection is OK:eufarmnj
2025-04-22 17:25:01,750 - INFO - Warning 2104, reqId -1: Market data farm connection is OK:usfarm
2025-04-22 17:25:01,750 - INFO - Warning 2106, reqId -1: HMDS data farm connection is OK:ushmds
2025-04-22 17:25:01,750 - INFO - Warning 2158, reqId -1: Sec-def data farm connection is OK:secdefnj
2025-04-22 17:25:01,750 - INFO - API connection ready
2025-04-22 17:25:01,752 - INFO - position: Position(account='DU5417029', contract=Stock(conId=5019164, symbol='WSM', exchange='NYSE', currency='USD', localSymbol='WSM', tradingClass='WSM'), position=100.0, avgCost=139.899736)
2025-04-22 17:25:01,793 - INFO - position: Position(account='DU5417029', contract=Option(conId=755327783, symbol='BIDU', lastTradeDateOrContractMonth='20250516', strike=95.0, right='P', multiplier='100', currency='USD', localSymbol='BIDU  250516P00095000', tradingClass='BIDU'), position=-2.0, avgCost=429.6986)
2025-04-22 17:25:01,794 - INFO - position: Position(account='DU5417029', contract=Option(conId=755327744, symbol='BIDU', lastTradeDateOrContractMonth='20250516', strike=90.0, right='P', multiplier='100', currency='USD', localSymbol='BIDU  250516P00090000', tradingClass='BIDU'), position=1.0, avgCost=283.6367)
2025-04-22 17:25:01,794 - INFO - position: Position(account='DU5417029', contract=Stock(conId=4728759, symbol='CTSH', exchange='ISLAND', currency='USD', localSymbol='CTSH', tradingClass='NMS'), position=200.0, avgCost=74.055621)
2025-04-22 17:25:02,059 - INFO - updatePortfolio: PortfolioItem(contract=Option(conId=755327744, symbol='BIDU', lastTradeDateOrContractMonth='20250516', strike=90.0, right='P', multiplier='100', primaryExchange='AMEX', currency='USD', localSymbol='BIDU  250516P00090000', tradingClass='BIDU'), position=1.0, marketPrice=7.0577655, marketValue=705.78, averageCost=283.6367, unrealizedPNL=422.14, realizedPNL=0.0, account='DU5417029')
2025-04-22 17:25:02,060 - INFO - updatePortfolio: PortfolioItem(contract=Option(conId=755327783, symbol='BIDU', lastTradeDateOrContractMonth='20250516', strike=95.0, right='P', multiplier='100', primaryExchange='AMEX', currency='USD', localSymbol='BIDU  250516P00095000', tradingClass='BIDU'), position=-2.0, marketPrice=11.1209135, marketValue=-2224.18, averageCost=429.6986, unrealizedPNL=-1364.79, realizedPNL=0.0, account='DU5417029')
2025-04-22 17:25:02,060 - INFO - updatePortfolio: PortfolioItem(contract=Stock(conId=4728759, symbol='CTSH', right='0', primaryExchange='ISLAND', currency='USD', localSymbol='CTSH', tradingClass='NMS'), position=200.0, marketPrice=69.1111679, marketValue=13822.23, averageCost=74.055621, unrealizedPNL=-988.89, realizedPNL=0.0, account='DU5417029')
2025-04-22 17:25:02,060 - INFO - updatePortfolio: PortfolioItem(contract=Stock(conId=5019164, symbol='WSM', right='0', primaryExchange='NYSE', currency='USD', localSymbol='WSM', tradingClass='WSM'), position=100.0, marketPrice=141.7678833, marketValue=14176.79, averageCost=139.899736, unrealizedPNL=186.81, realizedPNL=0.0, account='DU5417029')
2025-04-22 17:25:02,158 - INFO - Synchronization complete
2025-04-22 17:25:02,159 - INFO - Successfully connected to TWS
2025-04-22 17:25:02,159 - ERROR - Connection error: IB.reqAccountUpdatesAsync() missing 1 required positional argument: 'account'
2025-04-22 17:25:02,183 - INFO - Disconnecting from 127.0.0.1:7496, 117 B sent in 8 messages, 11.8 kB received in 254 messages, session time 481 ms.
2025-04-22 17:25:02,184 - INFO - Disconnecting
