2025-04-22 17:34:29,502 - INFO - Connecting to 127.0.0.1:7496 with clientId 1...
2025-04-22 17:34:29,503 - INFO - Connected
2025-04-22 17:34:29,506 - INFO - Logged on to server version 178
2025-04-22 17:34:29,549 - INFO - Warning 2104, reqId -1: Market data farm connection is OK:usfarm.nj
2025-04-22 17:34:29,550 - INFO - Warning 2104, reqId -1: Market data farm connection is OK:eufarm
2025-04-22 17:34:29,550 - INFO - Warning 2104, reqId -1: Market data farm connection is OK:cashfarm
2025-04-22 17:34:29,550 - INFO - Warning 2104, reqId -1: Market data farm connection is OK:usopt
2025-04-22 17:34:29,550 - INFO - Warning 2104, reqId -1: Market data farm connection is OK:eufarmnj
2025-04-22 17:34:29,550 - INFO - Warning 2104, reqId -1: Market data farm connection is OK:usfarm
2025-04-22 17:34:29,550 - INFO - Warning 2106, reqId -1: HMDS data farm connection is OK:ushmds
2025-04-22 17:34:29,550 - INFO - Warning 2158, reqId -1: Sec-def data farm connection is OK:secdefnj
2025-04-22 17:34:29,550 - INFO - API connection ready
2025-04-22 17:34:29,552 - INFO - position: Position(account='DU5417029', contract=Stock(conId=5019164, symbol='WSM', exchange='NYSE', currency='USD', localSymbol='WSM', tradingClass='WSM'), position=100.0, avgCost=139.899736)
2025-04-22 17:34:29,593 - INFO - position: Position(account='DU5417029', contract=Option(conId=755327783, symbol='BIDU', lastTradeDateOrContractMonth='20250516', strike=95.0, right='P', multiplier='100', currency='USD', localSymbol='BIDU  250516P00095000', tradingClass='BIDU'), position=-2.0, avgCost=429.6986)
2025-04-22 17:34:29,594 - INFO - position: Position(account='DU5417029', contract=Option(conId=755327744, symbol='BIDU', lastTradeDateOrContractMonth='20250516', strike=90.0, right='P', multiplier='100', currency='USD', localSymbol='BIDU  250516P00090000', tradingClass='BIDU'), position=1.0, avgCost=283.6367)
2025-04-22 17:34:29,594 - INFO - position: Position(account='DU5417029', contract=Stock(conId=4728759, symbol='CTSH', exchange='ISLAND', currency='USD', localSymbol='CTSH', tradingClass='NMS'), position=200.0, avgCost=74.055621)
2025-04-22 17:34:29,859 - INFO - updatePortfolio: PortfolioItem(contract=Option(conId=755327744, symbol='BIDU', lastTradeDateOrContractMonth='20250516', strike=90.0, right='P', multiplier='100', primaryExchange='AMEX', currency='USD', localSymbol='BIDU  250516P00090000', tradingClass='BIDU'), position=1.0, marketPrice=7.3638568, marketValue=736.39, averageCost=283.6367, unrealizedPNL=452.75, realizedPNL=0.0, account='DU5417029')
2025-04-22 17:34:29,860 - INFO - updatePortfolio: PortfolioItem(contract=Option(conId=755327783, symbol='BIDU', lastTradeDateOrContractMonth='20250516', strike=95.0, right='P', multiplier='100', primaryExchange='AMEX', currency='USD', localSymbol='BIDU  250516P00095000', tradingClass='BIDU'), position=-2.0, marketPrice=11.48067665, marketValue=-2296.14, averageCost=429.6986, unrealizedPNL=-1436.74, realizedPNL=0.0, account='DU5417029')
2025-04-22 17:34:29,860 - INFO - updatePortfolio: PortfolioItem(contract=Stock(conId=4728759, symbol='CTSH', right='0', primaryExchange='ISLAND', currency='USD', localSymbol='CTSH', tradingClass='NMS'), position=200.0, marketPrice=69.0578995, marketValue=13811.58, averageCost=74.055621, unrealizedPNL=-999.54, realizedPNL=0.0, account='DU5417029')
2025-04-22 17:34:29,860 - INFO - updatePortfolio: PortfolioItem(contract=Stock(conId=5019164, symbol='WSM', right='0', primaryExchange='NYSE', currency='USD', localSymbol='WSM', tradingClass='WSM'), position=100.0, marketPrice=141.42903135, marketValue=14142.9, averageCost=139.899736, unrealizedPNL=152.93, realizedPNL=0.0, account='DU5417029')
2025-04-22 17:34:29,959 - INFO - Synchronization complete
2025-04-22 17:34:29,959 - INFO - Successfully connected to TWS
2025-04-22 17:34:29,959 - ERROR - Connection error: 'IB' object has no attribute 'reqManagedAccountsAsync'
2025-04-22 17:34:29,986 - INFO - Disconnecting from 127.0.0.1:7496, 117 B sent in 8 messages, 11.8 kB received in 254 messages, session time 484 ms.
2025-04-22 17:34:29,986 - INFO - Disconnecting
