2025-04-22 17:20:21,380 - INFO - Connecting to 127.0.0.1:7496 with clientId 1...
2025-04-22 17:20:21,381 - INFO - Connected
2025-04-22 17:20:21,384 - INFO - Logged on to server version 178
2025-04-22 17:20:21,425 - INFO - Warning 2104, reqId -1: Market data farm connection is OK:usfarm.nj
2025-04-22 17:20:21,426 - INFO - Warning 2104, reqId -1: Market data farm connection is OK:eufarm
2025-04-22 17:20:21,426 - INFO - Warning 2104, reqId -1: Market data farm connection is OK:cashfarm
2025-04-22 17:20:21,426 - INFO - Warning 2104, reqId -1: Market data farm connection is OK:usopt
2025-04-22 17:20:21,426 - INFO - Warning 2104, reqId -1: Market data farm connection is OK:eufarmnj
2025-04-22 17:20:21,426 - INFO - Warning 2104, reqId -1: Market data farm connection is OK:usfarm
2025-04-22 17:20:21,426 - INFO - Warning 2106, reqId -1: HMDS data farm connection is OK:ushmds
2025-04-22 17:20:21,426 - INFO - Warning 2158, reqId -1: Sec-def data farm connection is OK:secdefnj
2025-04-22 17:20:21,426 - INFO - API connection ready
2025-04-22 17:20:21,428 - INFO - position: Position(account='DU5417029', contract=Stock(conId=5019164, symbol='WSM', exchange='NYSE', currency='USD', localSymbol='WSM', tradingClass='WSM'), position=100.0, avgCost=139.899736)
2025-04-22 17:20:21,469 - INFO - position: Position(account='DU5417029', contract=Option(conId=755327783, symbol='BIDU', lastTradeDateOrContractMonth='20250516', strike=95.0, right='P', multiplier='100', currency='USD', localSymbol='BIDU  250516P00095000', tradingClass='BIDU'), position=-2.0, avgCost=429.6986)
2025-04-22 17:20:21,470 - INFO - position: Position(account='DU5417029', contract=Option(conId=755327744, symbol='BIDU', lastTradeDateOrContractMonth='20250516', strike=90.0, right='P', multiplier='100', currency='USD', localSymbol='BIDU  250516P00090000', tradingClass='BIDU'), position=1.0, avgCost=283.6367)
2025-04-22 17:20:21,470 - INFO - position: Position(account='DU5417029', contract=Stock(conId=4728759, symbol='CTSH', exchange='ISLAND', currency='USD', localSymbol='CTSH', tradingClass='NMS'), position=200.0, avgCost=74.055621)
2025-04-22 17:20:21,735 - INFO - updatePortfolio: PortfolioItem(contract=Option(conId=755327744, symbol='BIDU', lastTradeDateOrContractMonth='20250516', strike=90.0, right='P', multiplier='100', primaryExchange='AMEX', currency='USD', localSymbol='BIDU  250516P00090000', tradingClass='BIDU'), position=1.0, marketPrice=7.09581945, marketValue=709.58, averageCost=283.6367, unrealizedPNL=425.95, realizedPNL=0.0, account='DU5417029')
2025-04-22 17:20:21,735 - INFO - updatePortfolio: PortfolioItem(contract=Option(conId=755327783, symbol='BIDU', lastTradeDateOrContractMonth='20250516', strike=95.0, right='P', multiplier='100', primaryExchange='AMEX', currency='USD', localSymbol='BIDU  250516P00095000', tradingClass='BIDU'), position=-2.0, marketPrice=11.16571615, marketValue=-2233.14, averageCost=429.6986, unrealizedPNL=-1373.75, realizedPNL=0.0, account='DU5417029')
2025-04-22 17:20:21,735 - INFO - updatePortfolio: PortfolioItem(contract=Stock(conId=4728759, symbol='CTSH', right='0', primaryExchange='ISLAND', currency='USD', localSymbol='CTSH', tradingClass='NMS'), position=200.0, marketPrice=69.08399965, marketValue=13816.8, averageCost=74.055621, unrealizedPNL=-994.32, realizedPNL=0.0, account='DU5417029')
2025-04-22 17:20:21,736 - INFO - updatePortfolio: PortfolioItem(contract=Stock(conId=5019164, symbol='WSM', right='0', primaryExchange='NYSE', currency='USD', localSymbol='WSM', tradingClass='WSM'), position=100.0, marketPrice=142.048172, marketValue=14204.82, averageCost=139.899736, unrealizedPNL=214.84, realizedPNL=0.0, account='DU5417029')
2025-04-22 17:20:21,835 - INFO - Synchronization complete
2025-04-22 17:20:21,835 - INFO - Successfully connected to TWS
2025-04-22 17:20:21,835 - ERROR - Connection error: IB.reqAccountUpdatesAsync() missing 1 required positional argument: 'account'
2025-04-22 17:20:21,855 - INFO - Disconnecting from 127.0.0.1:7496, 117 B sent in 8 messages, 11.8 kB received in 254 messages, session time 474 ms.
2025-04-22 17:20:21,855 - INFO - Disconnecting
